---
source: src/modules/builtin.rs
expression: "responses.get_reply::<responses::Builtin>()"
---
NotOwner
