---
source: src/modules/builtin.rs
expression: responses.get_raw()
---
"PART #test_channel\r\n"
