---
source: src/modules/builtin.rs
expression: responses.get_raw()
---
"JOIN #test\r\n"
