---
source: src/modules/builtin.rs
expression: "responses.get_say::<responses::Uptime>()"
---
Uptime:
  uptime: 10 seconds
