---
source: src/modules/pictures/mod.rs
expression: "responses.get_reply::<responses::Pictures>()"
---
Listing:
  commands: "!pictures"
