---
source: src/modules/pictures/mod.rs
expression: "responses.get_reply::<responses::Builtin>()"
---
UnknownSubcommand:
  command: foobar
