---
source: src/modules/pictures/mod.rs
expression: "responses.get_reply::<responses::Pictures>()"
---
Refreshed:
  new: "[new]"
