---
source: src/modules/repost/tests.rs
expression: "responses.get_reply::<responses::Repost>()"
---
AlreadyIgnored
